5B773782DC414241288E5BC65E6A6D06162405D3CEAB1B00F25E8B8609353023