3895a01c1c15355d6fe9d125674167f5a02fc8a0af23af1f97f568924d0a88b6