a5c90581dc6b4bfedc469999201a29652332aaaa0e339a02aa689d0a450fffb2