353e10952981cf21c6b596ac1a5fe0c8932886545cc71f0ceb6cda1590987ec8