982a5c6e14a4e9eb5600dc7b706a4cfe400c1525ba293f92bc895e639f37c71e