97df6fd2aec2ecceed6e592e0fa43acd2cdfbeeeedd827c0a926bce843d531f3