77d719c2994439e7fb3db2a6fa6ef872e2e3cceb6ee939beeec14367d8c67178