2b69866de3824c5a97ff0d8430aab2893650fea7bccc992c6a6d2286d9ba28e2