604474778d7bec1af6b56b2a0c0ba6f2457e2fe8ede2d5ff9c1a5ab2f897ee92