712041a91653f3fa34100941176317601c28aa4e1a1c04bd9c85cbad6661c1f7