2c421a9a1b453cb3e07fa7f3026637f1175148f9280473bd92b1abbe885d8518