e934471e29a4da3cbe19b6a7658a974576d2156b708d4befd8037d98d80523d8