251f49168c5302e7635a3e2837a22ac352def49cf278b162e3abd00ad043f4ac