68e4a78f7f510d4a4a859e54419599b1825957d62ec83eaeff5efc2933a802f2