e6f4954f85784bd5afa27c4fecd6223c4e200241c2b16fbd8d49d22313a872ee