c1ff0b502e92cdd2ce066dcaf117a897c6dd91bed00869a8ac8be2e2a70e7e78